// Jest Snapshot v1, https://goo.gl/fbAQLP

exports[`Test SideBar Component snapshot rendering 1`] = `
<DocumentFragment>
  <div
    class="MuiBox-root css-1y6sui9"
  >
    <div
      class="MuiBox-root css-mf19sy"
    >
      <div
        class="MuiBox-root css-1pdmvny"
      >
        <div
          class="MuiAvatar-root MuiAvatar-circular MuiAvatar-colorDefault css-17o22dy-MuiAvatar-root"
        >
          <svg
            aria-hidden="true"
            class="MuiSvgIcon-root MuiSvgIcon-fontSizeMedium MuiAvatar-fallback css-10mi8st-MuiSvgIcon-root-MuiAvatar-fallback"
            data-testid="PersonIcon"
            focusable="false"
            viewBox="0 0 24 24"
          >
            <path
              d="M12 12c2.21 0 4-1.79 4-4s-1.79-4-4-4-4 1.79-4 4 1.79 4 4 4zm0 2c-2.67 0-8 1.34-8 4v2h16v-2c0-2.66-5.33-4-8-4z"
            />
          </svg>
        </div>
        <div
          class="MuiBox-root css-d0uhtl"
        >
          <h6
            class="MuiTypography-root MuiTypography-subtitle2 css-ati914-MuiTypography-root"
          />
          <p
            class="MuiTypography-root MuiTypography-body2 css-r40f8v-MuiTypography-root"
          />
        </div>
      </div>
      <nav
        class="MuiStack-root css-hv5cso-MuiStack-root"
      />
      <div
        class="MuiBox-root css-i9gxme"
      />
    </div>
  </div>
</DocumentFragment>
`;
