// Jest Snapshot v1, https://goo.gl/fbAQLP

exports[`Test SideBar Component snapshot rendering 1`] = `
<DocumentFragment>
  <div
    class="MuiBox-root css-1y6sui9"
  >
    <div
      class="MuiBox-root css-mf19sy"
    >
      <div
        class="MuiBox-root css-1pdmvny"
      >
        <div
          class="MuiAvatar-root MuiAvatar-circular css-1wlk0hk-MuiAvatar-root"
        >
          <img
            alt="photo"
            class="MuiAvatar-img css-1pqm26d-MuiAvatar-img"
            src="https://letsenhance.io/static/8f5e523ee6b2479e26ecc91b9c25261e/1015f/MainAfter.jpg"
          />
        </div>
        <div
          class="MuiBox-root css-d0uhtl"
        >
          <h6
            class="MuiTypography-root MuiTypography-subtitle2 css-ati914-MuiTypography-root"
          >
            Tao Nguyen
          </h6>
          <p
            class="MuiTypography-root MuiTypography-body2 css-r40f8v-MuiTypography-root"
          >
            SELLER
          </p>
        </div>
      </div>
      <nav
        class="MuiStack-root css-hv5cso-MuiStack-root"
      >
        <a
          class="MuiButtonBase-root MuiListItemButton-root MuiListItemButton-gutters MuiListItemButton-root MuiListItemButton-gutters css-1h13ptn-MuiButtonBase-root-MuiListItemButton-root"
          href="/partner/"
          tabindex="0"
        >
          <span
            class="MuiBox-root css-1anrb5w"
          >
            <svg
              aria-hidden="true"
              class="MuiSvgIcon-root MuiSvgIcon-fontSizeMedium css-i4bv87-MuiSvgIcon-root"
              data-testid="DashboardIcon"
              focusable="false"
              viewBox="0 0 24 24"
            >
              <path
                d="M3 13h8V3H3zm0 8h8v-6H3zm10 0h8V11h-8zm0-18v6h8V3z"
              />
            </svg>
          </span>
          <span
            class="MuiBox-root css-0"
          >
            dashboard 
          </span>
          <span
            class="MuiTouchRipple-root css-8je8zh-MuiTouchRipple-root"
          />
        </a>
        <a
          class="MuiButtonBase-root MuiListItemButton-root MuiListItemButton-gutters MuiListItemButton-root MuiListItemButton-gutters css-1h13ptn-MuiButtonBase-root-MuiListItemButton-root"
          href="/partner/products"
          tabindex="0"
        >
          <span
            class="MuiBox-root css-1anrb5w"
          >
            <svg
              aria-hidden="true"
              class="MuiSvgIcon-root MuiSvgIcon-fontSizeMedium css-i4bv87-MuiSvgIcon-root"
              data-testid="ReorderIcon"
              focusable="false"
              viewBox="0 0 24 24"
            >
              <path
                d="M3 15h18v-2H3zm0 4h18v-2H3zm0-8h18V9H3zm0-6v2h18V5z"
              />
            </svg>
          </span>
          <span
            class="MuiBox-root css-0"
          >
            product 
          </span>
          <span
            class="MuiTouchRipple-root css-8je8zh-MuiTouchRipple-root"
          />
        </a>
        <a
          class="MuiButtonBase-root MuiListItemButton-root MuiListItemButton-gutters MuiListItemButton-root MuiListItemButton-gutters css-1h13ptn-MuiButtonBase-root-MuiListItemButton-root"
          href="/partner/product-groups"
          tabindex="0"
        >
          <span
            class="MuiBox-root css-1anrb5w"
          >
            <svg
              aria-hidden="true"
              class="MuiSvgIcon-root MuiSvgIcon-fontSizeMedium css-i4bv87-MuiSvgIcon-root"
              data-testid="WorkspacesIcon"
              focusable="false"
              viewBox="0 0 24 24"
            >
              <path
                d="M6 13c-2.2 0-4 1.8-4 4s1.8 4 4 4 4-1.8 4-4-1.8-4-4-4m6-10C9.8 3 8 4.8 8 7s1.8 4 4 4 4-1.8 4-4-1.8-4-4-4m6 10c-2.2 0-4 1.8-4 4s1.8 4 4 4 4-1.8 4-4-1.8-4-4-4"
              />
            </svg>
          </span>
          <span
            class="MuiBox-root css-0"
          >
            product group 
          </span>
          <span
            class="MuiTouchRipple-root css-8je8zh-MuiTouchRipple-root"
          />
        </a>
        <a
          class="MuiButtonBase-root MuiListItemButton-root MuiListItemButton-gutters MuiListItemButton-root MuiListItemButton-gutters css-1h13ptn-MuiButtonBase-root-MuiListItemButton-root"
          href="/partner/product-attributes"
          tabindex="0"
        >
          <span
            class="MuiBox-root css-1anrb5w"
          >
            <svg
              aria-hidden="true"
              class="MuiSvgIcon-root MuiSvgIcon-fontSizeMedium css-i4bv87-MuiSvgIcon-root"
              data-testid="CategoryIcon"
              focusable="false"
              viewBox="0 0 24 24"
            >
              <path
                d="m12 2-5.5 9h11z"
              />
              <circle
                cx="17.5"
                cy="17.5"
                r="4.5"
              />
              <path
                d="M3 13.5h8v8H3z"
              />
            </svg>
          </span>
          <span
            class="MuiBox-root css-0"
          >
            product attribute 
          </span>
          <span
            class="MuiTouchRipple-root css-8je8zh-MuiTouchRipple-root"
          />
        </a>
        <a
          class="MuiButtonBase-root MuiListItemButton-root MuiListItemButton-gutters MuiListItemButton-root MuiListItemButton-gutters css-1h13ptn-MuiButtonBase-root-MuiListItemButton-root"
          href="/partner/stores"
          tabindex="0"
        >
          <span
            class="MuiBox-root css-1anrb5w"
          >
            <svg
              aria-hidden="true"
              class="MuiSvgIcon-root MuiSvgIcon-fontSizeMedium css-i4bv87-MuiSvgIcon-root"
              data-testid="StorefrontIcon"
              focusable="false"
              viewBox="0 0 24 24"
            >
              <path
                d="m21.9 8.89-1.05-4.37c-.22-.9-1-1.52-1.91-1.52H5.05c-.9 0-1.69.63-1.9 1.52L2.1 8.89c-.24 1.02-.02 2.06.62 2.88.08.11.19.19.28.29V19c0 1.1.9 2 2 2h14c1.1 0 2-.9 2-2v-6.94c.09-.09.2-.18.28-.28.64-.82.87-1.87.62-2.89m-2.99-3.9 1.05 4.37c.1.42.01.84-.25 1.17-.14.18-.44.47-.94.47-.61 0-1.14-.49-1.21-1.14L16.98 5zM13 5h1.96l.54 4.52c.05.39-.07.78-.33 1.07-.22.26-.54.41-.95.41-.67 0-1.22-.59-1.22-1.31zM8.49 9.52 9.04 5H11v4.69c0 .72-.55 1.31-1.29 1.31-.34 0-.65-.15-.89-.41-.25-.29-.37-.68-.33-1.07m-4.45-.16L5.05 5h1.97l-.58 4.86c-.08.65-.6 1.14-1.21 1.14-.49 0-.8-.29-.93-.47-.27-.32-.36-.75-.26-1.17M5 19v-6.03c.08.01.15.03.23.03.87 0 1.66-.36 2.24-.95.6.6 1.4.95 2.31.95.87 0 1.65-.36 2.23-.93.59.57 1.39.93 2.29.93.84 0 1.64-.35 2.24-.95.58.59 1.37.95 2.24.95.08 0 .15-.02.23-.03V19z"
              />
            </svg>
          </span>
          <span
            class="MuiBox-root css-0"
          >
            store 
          </span>
          <span
            class="MuiTouchRipple-root css-8je8zh-MuiTouchRipple-root"
          />
        </a>
        <a
          class="MuiButtonBase-root MuiListItemButton-root MuiListItemButton-gutters MuiListItemButton-root MuiListItemButton-gutters css-1h13ptn-MuiButtonBase-root-MuiListItemButton-root"
          href="/partner/chat"
          tabindex="0"
        >
          <span
            class="MuiBox-root css-1anrb5w"
          >
            <svg
              aria-hidden="true"
              class="MuiSvgIcon-root MuiSvgIcon-fontSizeMedium css-i4bv87-MuiSvgIcon-root"
              data-testid="ChatIcon"
              focusable="false"
              viewBox="0 0 24 24"
            >
              <path
                d="M20 2H4c-1.1 0-1.99.9-1.99 2L2 22l4-4h14c1.1 0 2-.9 2-2V4c0-1.1-.9-2-2-2M6 9h12v2H6zm8 5H6v-2h8zm4-6H6V6h12z"
              />
            </svg>
          </span>
          <span
            class="MuiBox-root css-0"
          >
            Chat 
          </span>
          <span
            class="MuiTouchRipple-root css-8je8zh-MuiTouchRipple-root"
          />
        </a>
        <a
          class="MuiButtonBase-root MuiListItemButton-root MuiListItemButton-gutters MuiListItemButton-root MuiListItemButton-gutters css-1h13ptn-MuiButtonBase-root-MuiListItemButton-root"
          href="/partner/settings"
          tabindex="0"
        >
          <span
            class="MuiBox-root css-1anrb5w"
          >
            <svg
              aria-hidden="true"
              class="MuiSvgIcon-root MuiSvgIcon-fontSizeMedium css-i4bv87-MuiSvgIcon-root"
              data-testid="SettingsIcon"
              focusable="false"
              viewBox="0 0 24 24"
            >
              <path
                d="M19.14 12.94c.04-.3.06-.61.06-.94 0-.32-.02-.64-.07-.94l2.03-1.58c.18-.14.23-.41.12-.61l-1.92-3.32c-.12-.22-.37-.29-.59-.22l-2.39.96c-.5-.38-1.03-.7-1.62-.94l-.36-2.54c-.04-.24-.24-.41-.48-.41h-3.84c-.24 0-.43.17-.47.41l-.36 2.54c-.59.24-1.13.57-1.62.94l-2.39-.96c-.22-.08-.47 0-.59.22L2.74 8.87c-.12.21-.08.47.12.61l2.03 1.58c-.05.3-.09.63-.09.94s.02.64.07.94l-2.03 1.58c-.18.14-.23.41-.12.61l1.92 3.32c.12.22.37.29.59.22l2.39-.96c.5.38 1.03.7 1.62.94l.36 2.54c.05.24.24.41.48.41h3.84c.24 0 .44-.17.47-.41l.36-2.54c.59-.24 1.13-.56 1.62-.94l2.39.96c.22.08.47 0 .59-.22l1.92-3.32c.12-.22.07-.47-.12-.61zM12 15.6c-1.98 0-3.6-1.62-3.6-3.6s1.62-3.6 3.6-3.6 3.6 1.62 3.6 3.6-1.62 3.6-3.6 3.6"
              />
            </svg>
          </span>
          <span
            class="MuiBox-root css-0"
          >
            settings 
          </span>
          <span
            class="MuiTouchRipple-root css-8je8zh-MuiTouchRipple-root"
          />
        </a>
      </nav>
      <div
        class="MuiBox-root css-i9gxme"
      />
    </div>
  </div>
</DocumentFragment>
`;
